========== WYT FeatureAlign-DeltaEI ==========
method: wyt_cg_native_v7__cci_g_integrated__macro_recompute_g
network_t: (1707, 1707); network_tp: (1560, 1560)
encoder_t: (1707, 74); encoder_tp: (1560, 74)
K: 64; mid_dim: 32; device: cpu
fixed EI_micro: 0.858499
No macro dynamics. No anti-coarsening. No reconstruction.
================================================
[wyt] 0001 loss=12.649390 | Lalign=0.198326 | EI_macro=0.908154 | delta=0.049656 | Keff=[17.9,15.3] | hardK=[10,8]
[wyt] 0030 loss=-1.033943 | Lalign=0.338723 | EI_macro=1.583451 | delta=0.724952 | Keff=[49.2,47.1] | hardK=[45,39]
[wyt] 0060 loss=-1.240837 | Lalign=0.314503 | EI_macro=1.659598 | delta=0.801099 | Keff=[52.2,51.6] | hardK=[45,41]
[wyt] 0090 loss=-1.696859 | Lalign=0.218662 | EI_macro=1.837647 | delta=0.979148 | Keff=[49.8,51.7] | hardK=[40,43]
[wyt] 0120 loss=-1.905242 | Lalign=0.202083 | EI_macro=1.931315 | delta=1.072816 | Keff=[48.8,50.5] | hardK=[44,52]
[wyt] 0150 loss=-2.019370 | Lalign=0.183526 | EI_macro=1.978297 | delta=1.119798 | Keff=[48.8,49.9] | hardK=[44,52]
[wyt] 0180 loss=-2.130331 | Lalign=0.153073 | EI_macro=2.020396 | delta=1.161897 | Keff=[48.8,48.7] | hardK=[46,54]
[wyt] 0210 loss=-2.252221 | Lalign=0.113693 | EI_macro=2.060797 | delta=1.202299 | Keff=[49.9,48.4] | hardK=[52,55]
[wyt] 0240 loss=-2.353894 | Lalign=0.089542 | EI_macro=2.103280 | delta=1.244781 | Keff=[49.0,46.9] | hardK=[57,53]
[wyt] 0270 loss=-2.421911 | Lalign=0.084243 | EI_macro=2.133701 | delta=1.275202 | Keff=[49.1,46.3] | hardK=[53,56]
[wyt] 0300 loss=-2.455067 | Lalign=0.078948 | EI_macro=2.149284 | delta=1.290785 | Keff=[48.4,45.5] | hardK=[52,57]
========== Best checkpoint ==========
best epoch: 297
EI_micro fixed: 0.858499
EI_macro: 2.149132
Delta EI: 1.290633
Saved to: /mnt/data/native_v7_true/recompute_g_balanced_300/native_v7__cci_g_integrated__macro_recompute_g__local_legacy_features__K64__seed42
{"EI_micro_native_v7": 0.8584988116735808, "EI_macro_training_interface_pool_NG": 0.550750025039747, "deltaEI_training_interface_pool_NG": -0.30774878663383376, "EI_macro_strict_raw_projected_CCI_reextract_N_recompute_G": 2.1536520538186816, "deltaEI_strict_raw_projected_CCI_reextract_N_recompute_G": 1.2951532421451009, "EI_macro_strict_rownorm_projected_CCI_reextract_N_recompute_G": 2.154216429915799, "deltaEI_strict_rownorm_projected_CCI_reextract_N_recompute_G": 1.295717618242218, "run": "native_v7__cci_g_integrated__macro_recompute_g__local_legacy_features__K64__seed42", "source": "wyt_learned", "graph_mode": "cci_g_integrated", "local_graph_mode": "legacy_features", "macro_feature_mode": "recompute_g", "seed": 42, "training_best_epoch": 297, "training_EI_macro": 2.149132013320923, "training_deltaEI": 1.290633201599121}
